// Jest Snapshot v1, https://goo.gl/fbAQLP

exports[`App should render correctly 1`] = `ShallowWrapper {}`;

exports[`App should render correctly compared to the snapshot 1`] = `ShallowWrapper {}`;

exports[`App should render the snapshot correctly 1`] = `ShallowWrapper {}`;
